none: uses an invalid format, it must be a format name, a function, an array or a known format type (actual: "[object Object]")