Validate failed because wrong value(s):
  - config parameter "first.second.third.four" missing from config, did you override its parent? Because "first.second.third" is null.