public: must be a positive integer: value w(è_é)as -1
private: must be a positive integer
