'unknownFor(è_é)mat' uses an unknown format type: unknownFormat
