foo.bar[BAR]: must be one of the possible values: ["a","b"]: value was "c"
